../../../../../../../Drivers/STM32WLxx_HAL_Driver/Inc/stm32wlxx_ll_bus.h:914:22:LL_APB1_GRP1_EnableClock	24	static
../../../../../../../Drivers/STM32WLxx_HAL_Driver/Inc/stm32wlxx_ll_bus.h:935:22:LL_APB1_GRP2_EnableClock	24	static
../../../../../../../Drivers/STM32WLxx_HAL_Driver/Inc/stm32wlxx_ll_bus.h:1018:22:LL_APB1_GRP1_DisableClock	16	static
../mylib/src/lptim.c:31:6:MX_LPTIM1_Init	8	static
../mylib/src/lptim.c:60:6:MX_LPTIM2_Init	8	static
../mylib/src/lptim.c:91:6:HAL_LPTIM_MspInit	72	static
../mylib/src/lptim.c:149:6:HAL_LPTIM_MspDeInit	16	static
