../../../../../../../Drivers/STM32WLxx_HAL_Driver/Inc/stm32wlxx_ll_pwr.h:437:22:LL_PWR_SetPowerMode	16	static
../../../../../../../Drivers/STM32WLxx_HAL_Driver/Inc/stm32wlxx_ll_pwr.h:1531:22:LL_C2_PWR_SetPowerMode	16	static
../../../../../../../Drivers/STM32WLxx_HAL_Driver/Inc/stm32wlxx_ll_pwr.h:2124:26:LL_PWR_IsActiveFlag_C1SB	4	static
../../../../../../../Drivers/STM32WLxx_HAL_Driver/Inc/stm32wlxx_ll_pwr.h:2165:26:LL_PWR_IsActiveFlag_C2SB	4	static
../../../../../../../Drivers/STM32WLxx_HAL_Driver/Inc/stm32wlxx_ll_pwr.h:2196:22:LL_PWR_ClearFlag_C1STOP_C1STB	4	static
../../../../../../../Drivers/STM32WLxx_HAL_Driver/Inc/stm32wlxx_ll_pwr.h:2207:22:LL_PWR_ClearFlag_C2STOP_C2STB	4	static
../../../../../../../Drivers/STM32WLxx_HAL_Driver/Inc/stm32wlxx_ll_rcc.h:1257:22:LL_RCC_LSE_SetDriveCapability	16	static
../../../../../../../Drivers/STM32WLxx_HAL_Driver/Inc/stm32wlxx_ll_rcc.h:1971:22:LL_RCC_SetClkAfterWakeFromStop	16	static
../../../../../../../Drivers/STM32WLxx_HAL_Driver/Inc/stm32wlxx_ll_bus.h:449:22:LL_AHB2_GRP1_EnableClock	24	static
../../../../../../../Drivers/STM32WLxx_HAL_Driver/Inc/stm32wlxx_ll_bus.h:489:22:LL_AHB2_GRP1_DisableClock	16	static
../../../../../../../Drivers/STM32WLxx_HAL_Driver/Inc/stm32wlxx_ll_bus.h:914:22:LL_APB1_GRP1_EnableClock	24	static
../../../../../../../Drivers/STM32WLxx_HAL_Driver/Inc/stm32wlxx_ll_bus.h:1018:22:LL_APB1_GRP1_DisableClock	16	static
../mylib/src/my_lorawan.c:127:6:HAL_PWR_PVDCallback	8	static
../mylib/src/my_lorawan.c:322:6:HAL_LPTIM_AutoReloadMatchCallback	16	static
../mylib/src/my_lorawan.c:416:6:HAL_RTC_AlarmAEventCallback	16	static
../mylib/src/my_lorawan.c:462:6:HAL_RTCEx_AlarmBEventCallback	16	static
../mylib/src/my_lorawan.c:546:6:My_RTC_Init	80	static
../mylib/src/my_lorawan.c:633:6:My_EHF	8	static
../mylib/src/my_lorawan.c:803:6:My_ESF	8	static
../mylib/src/my_lorawan.c:932:6:My_SMF	8	static,ignoring_inline_asm
../mylib/src/my_lorawan.c:1009:6:My_AIF	8	static
../mylib/src/my_lorawan.c:1023:6:My_ESW_DCM_Timer	16	static
../mylib/src/my_lorawan.c:1047:6:My_ESW_CCM_Timer	16	static
../mylib/src/my_lorawan.c:1072:6:My_SMW_Timer	16	static
../mylib/src/my_lorawan.c:1096:6:My_EDS_Timer	16	static
../mylib/src/my_lorawan.c:1119:6:My_EHS_to_EMS_Timer	16	static
../mylib/src/my_lorawan.c:1153:6:My_DCM_to_CCM_Timer	16	static
../mylib/src/my_lorawan.c:1187:6:My_EMS_to_EDS_Timer	16	static
../mylib/src/my_lorawan.c:1219:6:My_EMS_to_SMS_Timer	16	static
../mylib/src/my_lorawan.c:1255:19:My_MX_I2C1_Init	24	static
../mylib/src/my_lorawan.c:1286:6:My_I2C1_MspInit	96	static
../mylib/src/my_lorawan.c:1320:6:My_I2C1_MspDeInit	16	static
../mylib/src/my_lorawan.c:1342:19:My_MX_I2C2_Init	24	static
../mylib/src/my_lorawan.c:1373:6:My_I2C2_MspInit	96	static
../mylib/src/my_lorawan.c:1406:6:My_I2C2_MspDeInit	16	static
../mylib/src/my_lorawan.c:1428:6:My_I2C_Init	16	static
../mylib/src/my_lorawan.c:1453:6:My_I2C_Deinit	16	static
../mylib/src/my_lorawan.c:1478:6:My_SHT40_Get_Data	32	static
../mylib/src/my_lorawan.c:1516:6:My_SoilSensor_Get_Data	4	static
../mylib/src/my_lorawan.c:1800:6:My_Set_All_GPIO_To_Analog_Mode	32	static
../mylib/src/my_lorawan.c:1827:6:My_Enter_Stop2_Mode_WFI	16	static
../mylib/src/my_lorawan.c:1878:6:My_Exit_Stop2_Mode_WFI	8	static
../mylib/src/my_lorawan.c:1888:6:My_Set_PVD	16	static
../mylib/src/my_lorawan.c:1897:6:My_Set_PVD_WFI	16	static,ignoring_inline_asm
../mylib/src/my_lorawan.c:1912:6:My_Interrupts_Manager	16	static
../mylib/src/my_lorawan.c:2021:6:My_Set_RTC_Alarm_A	16	static
../mylib/src/my_lorawan.c:2043:6:My_Set_RTC_Alarm_B	16	static
../mylib/src/my_lorawan.c:2071:6:My_SystemClock_Config	112	static
../mylib/src/my_lorawan.c:2116:6:My_SystemClock_Update	120	static
../mylib/src/my_lorawan.c:2163:6:My_GPIO_Out_Init	32	static
../mylib/src/my_lorawan.c:2178:6:My_Enable_HSI	80	static
../mylib/src/my_lorawan.c:2187:6:My_Disable_HSI	80	static
../mylib/src/my_lorawan.c:2195:6:My_Set_GPIO_ANALOG	4	static
../mylib/src/my_lorawan.c:2208:6:My_Trise_Meas	8	static
../mylib/src/my_lorawan.c:2231:6:My_PVD_Delay	8	static,ignoring_inline_asm
../mylib/src/my_lorawan.c:2249:6:My_PS_Detection	8	static
../mylib/src/my_lorawan.c:2268:6:My_VDD_to_ES_Switch	56	static
../mylib/src/my_lorawan.c:2315:6:My_VDD_to_VDDS1_Switch	40	static
../mylib/src/my_lorawan.c:2344:6:My_VDD_to_VDDS2_Switch	40	static
../mylib/src/my_lorawan.c:2374:6:My_HAL_Delay	16	static
../mylib/src/my_lorawan.c:2386:6:My_LPTIM1_Monitor	40	static
../mylib/src/my_lorawan.c:2409:6:My_RTCA_Monitor	40	static
../mylib/src/my_lorawan.c:2432:6:My_RTCB_Monitor	40	static
../mylib/src/my_lorawan.c:2455:10:GetDeviceAddress	16	static
../mylib/src/my_lorawan.c:2463:6:SystemInit	8	static
