../mylib/src/sths34pf80.c:79:9:STHS34PF80_RegisterBusIO	24	static
../mylib/src/sths34pf80.c:120:9:STHS34PF80_Init	16	static
../mylib/src/sths34pf80.c:156:9:STHS34PF80_DeInit	16	static
../mylib/src/sths34pf80.c:178:9:STHS34PF80_ReadID	24	static
../mylib/src/sths34pf80.c:198:9:STHS34PF80_GetCapabilities	16	static
../mylib/src/sths34pf80.c:221:9:STHS34PF80_Get_Init_Status	16	static
../mylib/src/sths34pf80.c:238:9:STHS34PF80_TEMP_Enable	16	static
../mylib/src/sths34pf80.c:262:9:STHS34PF80_TEMP_Disable	16	static
../mylib/src/sths34pf80.c:293:9:STHS34PF80_TEMP_GetOutputDataRate	24	static
../mylib/src/sths34pf80.c:355:9:STHS34PF80_TEMP_SetOutputDataRate	24	static
../mylib/src/sths34pf80.c:382:9:STHS34PF80_TEMP_GetTemperature	16	static
../mylib/src/sths34pf80.c:399:9:STHS34PF80_TEMP_Get_DRDY_Status	24	static
../mylib/src/sths34pf80.c:427:9:STHS34PF80_Read_Reg	24	static
../mylib/src/sths34pf80.c:444:9:STHS34PF80_Write_Reg	16	static
../mylib/src/sths34pf80.c:460:9:STHS34PF80_GetObjectTemperatureRaw	16	static
../mylib/src/sths34pf80.c:477:9:STHS34PF80_GetAmbientTemperatureRaw	16	static
../mylib/src/sths34pf80.c:494:9:STHS34PF80_GetObjectTemperature	24	static
../mylib/src/sths34pf80.c:531:9:STHS34PF80_GetAmbientTemperature	24	static
../mylib/src/sths34pf80.c:554:9:STHS34PF80_GetPresenceData	16	static
../mylib/src/sths34pf80.c:571:9:STHS34PF80_GetPresenceFlag	24	static
../mylib/src/sths34pf80.c:592:9:STHS34PF80_GetMotionData	16	static
../mylib/src/sths34pf80.c:609:9:STHS34PF80_GetMotionFlag	24	static
../mylib/src/sths34pf80.c:630:9:STHS34PF80_GetAvgTmos	24	static
../mylib/src/sths34pf80.c:689:9:STHS34PF80_SetAvgTmos	24	static
../mylib/src/sths34pf80.c:717:9:STHS34PF80_GetAvgT	24	static
../mylib/src/sths34pf80.c:760:9:STHS34PF80_GetGainFactor	24	static
../mylib/src/sths34pf80.c:795:9:STHS34PF80_GetSensData	16	static
../mylib/src/sths34pf80.c:812:9:STHS34PF80_GetSensitivity	16	static
../mylib/src/sths34pf80.c:833:9:STHS34PF80_GetAmbTempShock	16	static
../mylib/src/sths34pf80.c:850:9:STHS34PF80_GetObjectTempCompensated	16	static
../mylib/src/sths34pf80.c:867:9:STHS34PF80_GetPresenceTemperature	16	static
../mylib/src/sths34pf80.c:884:9:STHS34PF80_Set_Mem_Bank	24	static
../mylib/src/sths34pf80.c:916:16:ReadRegWrap	40	static
../mylib/src/sths34pf80.c:931:16:WriteRegWrap	40	static
