C:/Users/Francesca/Desktop/V20_mod_ai_0506/Drivers/STM32WLxx_HAL_Driver/Src/stm32wlxx_hal_rtc.c:243:19:HAL_RTC_Init	24	static
C:/Users/Francesca/Desktop/V20_mod_ai_0506/Drivers/STM32WLxx_HAL_Driver/Src/stm32wlxx_hal_rtc.c:363:19:HAL_RTC_DeInit	24	static
C:/Users/Francesca/Desktop/V20_mod_ai_0506/Drivers/STM32WLxx_HAL_Driver/Src/stm32wlxx_hal_rtc.c:694:13:HAL_RTC_MspInit	16	static
C:/Users/Francesca/Desktop/V20_mod_ai_0506/Drivers/STM32WLxx_HAL_Driver/Src/stm32wlxx_hal_rtc.c:709:13:HAL_RTC_MspDeInit	16	static
C:/Users/Francesca/Desktop/V20_mod_ai_0506/Drivers/STM32WLxx_HAL_Driver/Src/stm32wlxx_hal_rtc.c:750:19:HAL_RTC_SetTime	40	static
C:/Users/Francesca/Desktop/V20_mod_ai_0506/Drivers/STM32WLxx_HAL_Driver/Src/stm32wlxx_hal_rtc.c:874:19:HAL_RTC_GetTime	32	static
C:/Users/Francesca/Desktop/V20_mod_ai_0506/Drivers/STM32WLxx_HAL_Driver/Src/stm32wlxx_hal_rtc.c:922:19:HAL_RTC_SetDate	40	static
C:/Users/Francesca/Desktop/V20_mod_ai_0506/Drivers/STM32WLxx_HAL_Driver/Src/stm32wlxx_hal_rtc.c:1006:19:HAL_RTC_GetDate	32	static
C:/Users/Francesca/Desktop/V20_mod_ai_0506/Drivers/STM32WLxx_HAL_Driver/Src/stm32wlxx_hal_rtc.c:1040:6:HAL_RTC_DST_Add1Hour	16	static
C:/Users/Francesca/Desktop/V20_mod_ai_0506/Drivers/STM32WLxx_HAL_Driver/Src/stm32wlxx_hal_rtc.c:1054:6:HAL_RTC_DST_Sub1Hour	16	static
C:/Users/Francesca/Desktop/V20_mod_ai_0506/Drivers/STM32WLxx_HAL_Driver/Src/stm32wlxx_hal_rtc.c:1068:6:HAL_RTC_DST_SetStoreOperation	16	static
C:/Users/Francesca/Desktop/V20_mod_ai_0506/Drivers/STM32WLxx_HAL_Driver/Src/stm32wlxx_hal_rtc.c:1081:6:HAL_RTC_DST_ClearStoreOperation	16	static
C:/Users/Francesca/Desktop/V20_mod_ai_0506/Drivers/STM32WLxx_HAL_Driver/Src/stm32wlxx_hal_rtc.c:1094:10:HAL_RTC_DST_ReadStoreOperation	16	static
C:/Users/Francesca/Desktop/V20_mod_ai_0506/Drivers/STM32WLxx_HAL_Driver/Src/stm32wlxx_hal_rtc.c:1133:19:HAL_RTC_SetAlarm	40	static
C:/Users/Francesca/Desktop/V20_mod_ai_0506/Drivers/STM32WLxx_HAL_Driver/Src/stm32wlxx_hal_rtc.c:1338:19:HAL_RTC_SetAlarm_IT	40	static
C:/Users/Francesca/Desktop/V20_mod_ai_0506/Drivers/STM32WLxx_HAL_Driver/Src/stm32wlxx_hal_rtc.c:1538:19:HAL_RTC_DeactivateAlarm	16	static
C:/Users/Francesca/Desktop/V20_mod_ai_0506/Drivers/STM32WLxx_HAL_Driver/Src/stm32wlxx_hal_rtc.c:1605:19:HAL_RTC_GetAlarm	32	static
C:/Users/Francesca/Desktop/V20_mod_ai_0506/Drivers/STM32WLxx_HAL_Driver/Src/stm32wlxx_hal_rtc.c:1667:6:HAL_RTC_AlarmIRQHandler	24	static
C:/Users/Francesca/Desktop/V20_mod_ai_0506/Drivers/STM32WLxx_HAL_Driver/Src/stm32wlxx_hal_rtc.c:1707:13:HAL_RTC_AlarmAEventCallback	16	static
C:/Users/Francesca/Desktop/V20_mod_ai_0506/Drivers/STM32WLxx_HAL_Driver/Src/stm32wlxx_hal_rtc.c:1723:19:HAL_RTC_PollForAlarmAEvent	24	static
C:/Users/Francesca/Desktop/V20_mod_ai_0506/Drivers/STM32WLxx_HAL_Driver/Src/stm32wlxx_hal_rtc.c:1781:19:HAL_RTC_WaitForSynchro	24	static
C:/Users/Francesca/Desktop/V20_mod_ai_0506/Drivers/STM32WLxx_HAL_Driver/Src/stm32wlxx_hal_rtc.c:1826:21:HAL_RTC_GetState	16	static
C:/Users/Francesca/Desktop/V20_mod_ai_0506/Drivers/STM32WLxx_HAL_Driver/Src/stm32wlxx_hal_rtc.c:1849:19:RTC_EnterInitMode	24	static
C:/Users/Francesca/Desktop/V20_mod_ai_0506/Drivers/STM32WLxx_HAL_Driver/Src/stm32wlxx_hal_rtc.c:1881:19:RTC_ExitInitMode	24	static
C:/Users/Francesca/Desktop/V20_mod_ai_0506/Drivers/STM32WLxx_HAL_Driver/Src/stm32wlxx_hal_rtc.c:1918:9:RTC_ByteToBcd2	24	static
C:/Users/Francesca/Desktop/V20_mod_ai_0506/Drivers/STM32WLxx_HAL_Driver/Src/stm32wlxx_hal_rtc.c:1937:9:RTC_Bcd2ToByte	24	static
