C:/Users/Francesca/Desktop/V20_mod_ai_0506/Middlewares/Third_Party/LoRaWAN/LmHandler/LmHandler.c:379:24:LmHandlerInit	16	static
C:/Users/Francesca/Desktop/V20_mod_ai_0506/Middlewares/Third_Party/LoRaWAN/LmHandler/LmHandler.c:406:24:LmHandlerDeInit	8	static
C:/Users/Francesca/Desktop/V20_mod_ai_0506/Middlewares/Third_Party/LoRaWAN/LmHandler/LmHandler.c:420:24:LmHandlerConfigure	80	static
C:/Users/Francesca/Desktop/V20_mod_ai_0506/Middlewares/Third_Party/LoRaWAN/LmHandler/LmHandler.c:558:6:LmHandlerIsBusy	8	static
C:/Users/Francesca/Desktop/V20_mod_ai_0506/Middlewares/Third_Party/LoRaWAN/LmHandler/LmHandler.c:585:6:LmHandlerProcess	16	static
C:/Users/Francesca/Desktop/V20_mod_ai_0506/Middlewares/Third_Party/LoRaWAN/LmHandler/LmHandler.c:621:13:LmHandlerGetDutyCycleWaitTime	4	static
C:/Users/Francesca/Desktop/V20_mod_ai_0506/Middlewares/Third_Party/LoRaWAN/LmHandler/LmHandler.c:627:6:LmHandlerJoin	56	static
C:/Users/Francesca/Desktop/V20_mod_ai_0506/Middlewares/Third_Party/LoRaWAN/LmHandler/LmHandler.c:754:23:LmHandlerJoinStatus	56	static
C:/Users/Francesca/Desktop/V20_mod_ai_0506/Middlewares/Third_Party/LoRaWAN/LmHandler/LmHandler.c:778:24:LmHandlerSend	48	static
C:/Users/Francesca/Desktop/V20_mod_ai_0506/Middlewares/Third_Party/LoRaWAN/LmHandler/LmHandler.c:877:24:LmHandlerDeviceTimeReq	32	static
C:/Users/Francesca/Desktop/V20_mod_ai_0506/Middlewares/Third_Party/LoRaWAN/LmHandler/LmHandler.c:919:24:LmHandlerPingSlotReq	16	static
C:/Users/Francesca/Desktop/V20_mod_ai_0506/Middlewares/Third_Party/LoRaWAN/LmHandler/LmHandler.c:951:24:LmHandlerRequestClass	64	static
C:/Users/Francesca/Desktop/V20_mod_ai_0506/Middlewares/Third_Party/LoRaWAN/LmHandler/LmHandler.c:1048:24:LmHandlerGetCurrentClass	56	static
C:/Users/Francesca/Desktop/V20_mod_ai_0506/Middlewares/Third_Party/LoRaWAN/LmHandler/LmHandler.c:1066:24:LmHandlerGetTxDatarate	56	static
C:/Users/Francesca/Desktop/V20_mod_ai_0506/Middlewares/Third_Party/LoRaWAN/LmHandler/LmHandler.c:1085:24:LmHandlerGetActiveRegion	16	static
C:/Users/Francesca/Desktop/V20_mod_ai_0506/Middlewares/Third_Party/LoRaWAN/LmHandler/LmHandler.c:1096:24:LmHandlerSetSystemMaxRxError	56	static
C:/Users/Francesca/Desktop/V20_mod_ai_0506/Middlewares/Third_Party/LoRaWAN/LmHandler/LmHandler.c:1115:13:McpsConfirm	16	static
C:/Users/Francesca/Desktop/V20_mod_ai_0506/Middlewares/Third_Party/LoRaWAN/LmHandler/LmHandler.c:1133:13:McpsIndication	32	static
C:/Users/Francesca/Desktop/V20_mod_ai_0506/Middlewares/Third_Party/LoRaWAN/LmHandler/LmHandler.c:1193:13:MlmeConfirm	56	static
C:/Users/Francesca/Desktop/V20_mod_ai_0506/Middlewares/Third_Party/LoRaWAN/LmHandler/LmHandler.c:1303:13:MlmeIndication	16	static
C:/Users/Francesca/Desktop/V20_mod_ai_0506/Middlewares/Third_Party/LoRaWAN/LmHandler/LmHandler.c:1386:24:LmHandlerPackageRegister	24	static
C:/Users/Francesca/Desktop/V20_mod_ai_0506/Middlewares/Third_Party/LoRaWAN/LmHandler/LmHandler.c:1427:13:LmHandlerPackageIsInitialized	16	static
C:/Users/Francesca/Desktop/V20_mod_ai_0506/Middlewares/Third_Party/LoRaWAN/LmHandler/LmHandler.c:1439:13:LmHandlerPackagesNotify	24	static
C:/Users/Francesca/Desktop/V20_mod_ai_0506/Middlewares/Third_Party/LoRaWAN/LmHandler/LmHandler.c:1494:13:LmHandlerPackageIsTxPending	16	static
C:/Users/Francesca/Desktop/V20_mod_ai_0506/Middlewares/Third_Party/LoRaWAN/LmHandler/LmHandler.c:1513:13:LmHandlerPackagesProcess	16	static
C:/Users/Francesca/Desktop/V20_mod_ai_0506/Middlewares/Third_Party/LoRaWAN/LmHandler/LmHandler.c:1554:24:LmHandlerGetVersion	16	static
C:/Users/Francesca/Desktop/V20_mod_ai_0506/Middlewares/Third_Party/LoRaWAN/LmHandler/LmHandler.c:1576:24:LmHandlerStop	8	static
C:/Users/Francesca/Desktop/V20_mod_ai_0506/Middlewares/Third_Party/LoRaWAN/LmHandler/LmHandler.c:1588:24:LmHandlerHalt	8	static
C:/Users/Francesca/Desktop/V20_mod_ai_0506/Middlewares/Third_Party/LoRaWAN/LmHandler/LmHandler.c:1600:24:LmHandlerLinkCheckReq	32	static
C:/Users/Francesca/Desktop/V20_mod_ai_0506/Middlewares/Third_Party/LoRaWAN/LmHandler/LmHandler.c:1619:24:LmHandlerGetDevEUI	56	static
C:/Users/Francesca/Desktop/V20_mod_ai_0506/Middlewares/Third_Party/LoRaWAN/LmHandler/LmHandler.c:1636:24:LmHandlerSetDevEUI	56	static
C:/Users/Francesca/Desktop/V20_mod_ai_0506/Middlewares/Third_Party/LoRaWAN/LmHandler/LmHandler.c:1658:24:LmHandlerGetAppEUI	56	static
C:/Users/Francesca/Desktop/V20_mod_ai_0506/Middlewares/Third_Party/LoRaWAN/LmHandler/LmHandler.c:1676:24:LmHandlerSetAppEUI	56	static
C:/Users/Francesca/Desktop/V20_mod_ai_0506/Middlewares/Third_Party/LoRaWAN/LmHandler/LmHandler.c:1698:24:LmHandlerGetNetworkID	56	static
C:/Users/Francesca/Desktop/V20_mod_ai_0506/Middlewares/Third_Party/LoRaWAN/LmHandler/LmHandler.c:1716:24:LmHandlerSetNetworkID	56	static
C:/Users/Francesca/Desktop/V20_mod_ai_0506/Middlewares/Third_Party/LoRaWAN/LmHandler/LmHandler.c:1738:24:LmHandlerGetDevAddr	56	static
C:/Users/Francesca/Desktop/V20_mod_ai_0506/Middlewares/Third_Party/LoRaWAN/LmHandler/LmHandler.c:1756:24:LmHandlerSetDevAddr	56	static
C:/Users/Francesca/Desktop/V20_mod_ai_0506/Middlewares/Third_Party/LoRaWAN/LmHandler/LmHandler.c:1778:24:LmHandlerSetActiveRegion	16	static
C:/Users/Francesca/Desktop/V20_mod_ai_0506/Middlewares/Third_Party/LoRaWAN/LmHandler/LmHandler.c:1793:24:LmHandlerGetAdrEnable	16	static
C:/Users/Francesca/Desktop/V20_mod_ai_0506/Middlewares/Third_Party/LoRaWAN/LmHandler/LmHandler.c:1804:24:LmHandlerSetAdrEnable	56	static
C:/Users/Francesca/Desktop/V20_mod_ai_0506/Middlewares/Third_Party/LoRaWAN/LmHandler/LmHandler.c:1818:24:LmHandlerSetTxDatarate	56	static
C:/Users/Francesca/Desktop/V20_mod_ai_0506/Middlewares/Third_Party/LoRaWAN/LmHandler/LmHandler.c:1838:24:LmHandlerGetDutyCycleEnable	16	static
C:/Users/Francesca/Desktop/V20_mod_ai_0506/Middlewares/Third_Party/LoRaWAN/LmHandler/LmHandler.c:1849:24:LmHandlerSetDutyCycleEnable	16	static
C:/Users/Francesca/Desktop/V20_mod_ai_0506/Middlewares/Third_Party/LoRaWAN/LmHandler/LmHandler.c:1857:24:LmHandlerGetRX2Params	56	static
C:/Users/Francesca/Desktop/V20_mod_ai_0506/Middlewares/Third_Party/LoRaWAN/LmHandler/LmHandler.c:1877:24:LmHandlerGetTxPower	56	static
C:/Users/Francesca/Desktop/V20_mod_ai_0506/Middlewares/Third_Party/LoRaWAN/LmHandler/LmHandler.c:1896:24:LmHandlerGetRx1Delay	56	static
C:/Users/Francesca/Desktop/V20_mod_ai_0506/Middlewares/Third_Party/LoRaWAN/LmHandler/LmHandler.c:1914:24:LmHandlerGetRx2Delay	56	static
C:/Users/Francesca/Desktop/V20_mod_ai_0506/Middlewares/Third_Party/LoRaWAN/LmHandler/LmHandler.c:1932:24:LmHandlerGetJoinRx1Delay	56	static
C:/Users/Francesca/Desktop/V20_mod_ai_0506/Middlewares/Third_Party/LoRaWAN/LmHandler/LmHandler.c:1950:24:LmHandlerGetJoinRx2Delay	56	static
C:/Users/Francesca/Desktop/V20_mod_ai_0506/Middlewares/Third_Party/LoRaWAN/LmHandler/LmHandler.c:1968:24:LmHandlerSetTxPower	56	static
C:/Users/Francesca/Desktop/V20_mod_ai_0506/Middlewares/Third_Party/LoRaWAN/LmHandler/LmHandler.c:1983:24:LmHandlerSetRX2Params	56	static
C:/Users/Francesca/Desktop/V20_mod_ai_0506/Middlewares/Third_Party/LoRaWAN/LmHandler/LmHandler.c:1998:24:LmHandlerSetRx1Delay	56	static
C:/Users/Francesca/Desktop/V20_mod_ai_0506/Middlewares/Third_Party/LoRaWAN/LmHandler/LmHandler.c:2011:24:LmHandlerSetRx2Delay	56	static
C:/Users/Francesca/Desktop/V20_mod_ai_0506/Middlewares/Third_Party/LoRaWAN/LmHandler/LmHandler.c:2024:24:LmHandlerSetJoinRx1Delay	56	static
C:/Users/Francesca/Desktop/V20_mod_ai_0506/Middlewares/Third_Party/LoRaWAN/LmHandler/LmHandler.c:2037:24:LmHandlerSetJoinRx2Delay	56	static
C:/Users/Francesca/Desktop/V20_mod_ai_0506/Middlewares/Third_Party/LoRaWAN/LmHandler/LmHandler.c:2050:24:LmHandlerGetPingPeriodicity	16	static
C:/Users/Francesca/Desktop/V20_mod_ai_0506/Middlewares/Third_Party/LoRaWAN/LmHandler/LmHandler.c:2065:24:LmHandlerSetPingPeriodicity	16	static
C:/Users/Francesca/Desktop/V20_mod_ai_0506/Middlewares/Third_Party/LoRaWAN/LmHandler/LmHandler.c:2084:24:LmHandlerGetBeaconState	16	static
C:/Users/Francesca/Desktop/V20_mod_ai_0506/Middlewares/Third_Party/LoRaWAN/LmHandler/LmHandler.c:2106:24:LmHandlerGetKey	24	static
C:/Users/Francesca/Desktop/V20_mod_ai_0506/Middlewares/Third_Party/LoRaWAN/LmHandler/LmHandler.c:2133:24:LmHandlerSetKey	56	static
C:/Users/Francesca/Desktop/V20_mod_ai_0506/Middlewares/Third_Party/LoRaWAN/LmHandler/LmHandler.c:2163:24:LmHandlerNvmDataStore	64	static
