C:/Users/Francesca/Desktop/V20_mod_ai_23-04/Middlewares/Third_Party/LoRaWAN/LmHandler/Packages/LmhpCompliance.c:633:20:ClassBStatusReset	8	static
C:/Users/Francesca/Desktop/V20_mod_ai_23-04/Middlewares/Third_Party/LoRaWAN/LmHandler/Packages/LmhpCompliance.c:723:15:LmhpCompliancePackageFactory	4	static
C:/Users/Francesca/Desktop/V20_mod_ai_23-04/Middlewares/Third_Party/LoRaWAN/LmHandler/Packages/LmhpCompliance.c:728:13:LmhpComplianceInit	32	static
C:/Users/Francesca/Desktop/V20_mod_ai_23-04/Middlewares/Third_Party/LoRaWAN/LmHandler/Packages/LmhpCompliance.c:751:13:LmhpComplianceIsInitialized	4	static
C:/Users/Francesca/Desktop/V20_mod_ai_23-04/Middlewares/Third_Party/LoRaWAN/LmHandler/Packages/LmhpCompliance.c:756:13:LmhpComplianceIsTxPending	4	static
C:/Users/Francesca/Desktop/V20_mod_ai_23-04/Middlewares/Third_Party/LoRaWAN/LmHandler/Packages/LmhpCompliance.c:761:13:LmhpComplianceProcess	32	static
C:/Users/Francesca/Desktop/V20_mod_ai_23-04/Middlewares/Third_Party/LoRaWAN/LmHandler/Packages/LmhpCompliance.c:818:13:LmhpComplianceOnMcpsIndication	160	static
C:/Users/Francesca/Desktop/V20_mod_ai_23-04/Middlewares/Third_Party/LoRaWAN/LmHandler/Packages/LmhpCompliance.c:1062:13:LmhpComplianceOnMlmeConfirm	16	static
C:/Users/Francesca/Desktop/V20_mod_ai_23-04/Middlewares/Third_Party/LoRaWAN/LmHandler/Packages/LmhpCompliance.c:1086:13:LmhpComplianceOnMlmeIndication	16	static
C:/Users/Francesca/Desktop/V20_mod_ai_23-04/Middlewares/Third_Party/LoRaWAN/LmHandler/Packages/LmhpCompliance.c:1165:13:OnProcessTimer	16	static
