C:/Users/Francesca/Desktop/V20_mod_ai_0506/Middlewares/Third_Party/LoRaWAN/Mac/LoRaMac.c:944:13:OnRadioTxDone	24	static
C:/Users/Francesca/Desktop/V20_mod_ai_0506/Middlewares/Third_Party/LoRaWAN/Mac/LoRaMac.c:955:13:OnRadioRxDone	24	static
C:/Users/Francesca/Desktop/V20_mod_ai_0506/Middlewares/Third_Party/LoRaWAN/Mac/LoRaMac.c:972:13:OnRadioTxTimeout	8	static
C:/Users/Francesca/Desktop/V20_mod_ai_0506/Middlewares/Third_Party/LoRaWAN/Mac/LoRaMac.c:981:13:OnRadioRxError	8	static
C:/Users/Francesca/Desktop/V20_mod_ai_0506/Middlewares/Third_Party/LoRaWAN/Mac/LoRaMac.c:988:13:OnRadioRxTimeout	8	static
C:/Users/Francesca/Desktop/V20_mod_ai_0506/Middlewares/Third_Party/LoRaWAN/Mac/LoRaMac.c:996:13:UpdateRxSlotIdleState	4	static
C:/Users/Francesca/Desktop/V20_mod_ai_0506/Middlewares/Third_Party/LoRaWAN/Mac/LoRaMac.c:1008:13:ProcessRadioTxDone	80	static,ignoring_inline_asm
C:/Users/Francesca/Desktop/V20_mod_ai_0506/Middlewares/Third_Party/LoRaWAN/Mac/LoRaMac.c:1094:13:PrepareRxDoneAbort	8	static
C:/Users/Francesca/Desktop/V20_mod_ai_0506/Middlewares/Third_Party/LoRaWAN/Mac/LoRaMac.c:1113:13:ProcessRadioRxDone	184	static
C:/Users/Francesca/Desktop/V20_mod_ai_0506/Middlewares/Third_Party/LoRaWAN/Mac/LoRaMac.c:1781:13:ProcessRadioTxTimeout	8	static
C:/Users/Francesca/Desktop/V20_mod_ai_0506/Middlewares/Third_Party/LoRaWAN/Mac/LoRaMac.c:1802:13:HandleRadioRxErrorTimeout	24	static
C:/Users/Francesca/Desktop/V20_mod_ai_0506/Middlewares/Third_Party/LoRaWAN/Mac/LoRaMac.c:1871:13:ProcessRadioRxError	8	static
C:/Users/Francesca/Desktop/V20_mod_ai_0506/Middlewares/Third_Party/LoRaWAN/Mac/LoRaMac.c:1876:13:ProcessRadioRxTimeout	8	static
C:/Users/Francesca/Desktop/V20_mod_ai_0506/Middlewares/Third_Party/LoRaWAN/Mac/LoRaMac.c:1881:13:LoRaMacHandleIrqEvents	24	static,ignoring_inline_asm
C:/Users/Francesca/Desktop/V20_mod_ai_0506/Middlewares/Third_Party/LoRaWAN/Mac/LoRaMac.c:1915:6:LoRaMacIsBusy	4	static
C:/Users/Francesca/Desktop/V20_mod_ai_0506/Middlewares/Third_Party/LoRaWAN/Mac/LoRaMac.c:1937:6:LoRaMacIsStopped	4	static
C:/Users/Francesca/Desktop/V20_mod_ai_0506/Middlewares/Third_Party/LoRaWAN/Mac/LoRaMac.c:1946:13:LoRaMacEnableRequests	16	static
C:/Users/Francesca/Desktop/V20_mod_ai_0506/Middlewares/Third_Party/LoRaWAN/Mac/LoRaMac.c:1951:13:LoRaMacHandleRequestEvents	16	static
C:/Users/Francesca/Desktop/V20_mod_ai_0506/Middlewares/Third_Party/LoRaWAN/Mac/LoRaMac.c:1995:13:LoRaMacHandleIndicationEvents	8	static
C:/Users/Francesca/Desktop/V20_mod_ai_0506/Middlewares/Third_Party/LoRaWAN/Mac/LoRaMac.c:2051:13:LoRaMacHandleMcpsRequest	16	static
C:/Users/Francesca/Desktop/V20_mod_ai_0506/Middlewares/Third_Party/LoRaWAN/Mac/LoRaMac.c:2120:13:LoRaMacHandleMlmeRequest	8	static
C:/Users/Francesca/Desktop/V20_mod_ai_0506/Middlewares/Third_Party/LoRaWAN/Mac/LoRaMac.c:2157:16:LoRaMacCheckForBeaconAcquisition	8	static
C:/Users/Francesca/Desktop/V20_mod_ai_0506/Middlewares/Third_Party/LoRaWAN/Mac/LoRaMac.c:2172:13:CheckForMinimumAbpDatarate	16	static
C:/Users/Francesca/Desktop/V20_mod_ai_0506/Middlewares/Third_Party/LoRaWAN/Mac/LoRaMac.c:2184:13:LoRaMacCheckForRxAbort	4	static
C:/Users/Francesca/Desktop/V20_mod_ai_0506/Middlewares/Third_Party/LoRaWAN/Mac/LoRaMac.c:2194:13:LoRaMacHandleNvm	24	static
C:/Users/Francesca/Desktop/V20_mod_ai_0506/Middlewares/Third_Party/LoRaWAN/Mac/LoRaMac.c:2270:13:LoRaMacHandleResponseTimeout	24	static
C:/Users/Francesca/Desktop/V20_mod_ai_0506/Middlewares/Third_Party/LoRaWAN/Mac/LoRaMac.c:2285:6:LoRaMacProcess	16	static
C:/Users/Francesca/Desktop/V20_mod_ai_0506/Middlewares/Third_Party/LoRaWAN/Mac/LoRaMac.c:2330:13:OnTxDelayedTimerEvent	16	static
C:/Users/Francesca/Desktop/V20_mod_ai_0506/Middlewares/Third_Party/LoRaWAN/Mac/LoRaMac.c:2368:13:OnRxWindow1TimerEvent	16	static
C:/Users/Francesca/Desktop/V20_mod_ai_0506/Middlewares/Third_Party/LoRaWAN/Mac/LoRaMac.c:2383:13:OnRxWindow2TimerEvent	16	static
C:/Users/Francesca/Desktop/V20_mod_ai_0506/Middlewares/Third_Party/LoRaWAN/Mac/LoRaMac.c:2475:13:OnRetransmitTimeoutTimerEvent	16	static
C:/Users/Francesca/Desktop/V20_mod_ai_0506/Middlewares/Third_Party/LoRaWAN/Mac/LoRaMac.c:2486:30:GetFCntDown	24	static
C:/Users/Francesca/Desktop/V20_mod_ai_0506/Middlewares/Third_Party/LoRaWAN/Mac/LoRaMac.c:2543:24:SwitchClass	32	static
C:/Users/Francesca/Desktop/V20_mod_ai_0506/Middlewares/Third_Party/LoRaWAN/Mac/LoRaMac.c:2649:16:GetMaxAppPayloadWithoutFOptsLength	32	static
C:/Users/Francesca/Desktop/V20_mod_ai_0506/Middlewares/Third_Party/LoRaWAN/Mac/LoRaMac.c:2669:13:ValidatePayloadLength	24	static
C:/Users/Francesca/Desktop/V20_mod_ai_0506/Middlewares/Third_Party/LoRaWAN/Mac/LoRaMac.c:2687:13:ProcessMacCommands	160	static
C:/Users/Francesca/Desktop/V20_mod_ai_0506/Middlewares/Third_Party/LoRaWAN/Mac/LoRaMac.c:3240:24:Send	64	static
C:/Users/Francesca/Desktop/V20_mod_ai_0506/Middlewares/Third_Party/LoRaWAN/Mac/LoRaMac.c:3332:24:SendReJoinReq	24	static
C:/Users/Francesca/Desktop/V20_mod_ai_0506/Middlewares/Third_Party/LoRaWAN/Mac/LoRaMac.c:3429:24:CheckForClassBCollision	8	static
C:/Users/Francesca/Desktop/V20_mod_ai_0506/Middlewares/Third_Party/LoRaWAN/Mac/LoRaMac.c:3450:13:ComputeRxWindowParameters	24	static
C:/Users/Francesca/Desktop/V20_mod_ai_0506/Middlewares/Third_Party/LoRaWAN/Mac/LoRaMac.c:3479:24:VerifyTxFrame	16	static
C:/Users/Francesca/Desktop/V20_mod_ai_0506/Middlewares/Third_Party/LoRaWAN/Mac/LoRaMac.c:3498:24:SerializeTxFrame	16	static
C:/Users/Francesca/Desktop/V20_mod_ai_0506/Middlewares/Third_Party/LoRaWAN/Mac/LoRaMac.c:3546:24:ScheduleTx	72	static
C:/Users/Francesca/Desktop/V20_mod_ai_0506/Middlewares/Third_Party/LoRaWAN/Mac/LoRaMac.c:3626:24:SecureFrame	24	static
C:/Users/Francesca/Desktop/V20_mod_ai_0506/Middlewares/Third_Party/LoRaWAN/Mac/LoRaMac.c:3690:13:CalculateBackOff	4	static
C:/Users/Francesca/Desktop/V20_mod_ai_0506/Middlewares/Third_Party/LoRaWAN/Mac/LoRaMac.c:3702:13:RemoveMacCommands	16	static
C:/Users/Francesca/Desktop/V20_mod_ai_0506/Middlewares/Third_Party/LoRaWAN/Mac/LoRaMac.c:3722:13:ResetMacParameters	88	static
C:/Users/Francesca/Desktop/V20_mod_ai_0506/Middlewares/Third_Party/LoRaWAN/Mac/LoRaMac.c:3853:13:RxWindowSetup	16	static
C:/Users/Francesca/Desktop/V20_mod_ai_0506/Middlewares/Third_Party/LoRaWAN/Mac/LoRaMac.c:3868:13:OpenContinuousRxCWindow	24	static
C:/Users/Francesca/Desktop/V20_mod_ai_0506/Middlewares/Third_Party/LoRaWAN/Mac/LoRaMac.c:3894:24:PrepareFrame	40	static
C:/Users/Francesca/Desktop/V20_mod_ai_0506/Middlewares/Third_Party/LoRaWAN/Mac/LoRaMac.c:4003:24:SendFrameOnChannel	48	static
C:/Users/Francesca/Desktop/V20_mod_ai_0506/Middlewares/Third_Party/LoRaWAN/Mac/LoRaMac.c:4103:24:SetTxContinuousWave	16	static
C:/Users/Francesca/Desktop/V20_mod_ai_0506/Middlewares/Third_Party/LoRaWAN/Mac/LoRaMac.c:4113:24:RestoreNvmData	16	static
C:/Users/Francesca/Desktop/V20_mod_ai_0506/Middlewares/Third_Party/LoRaWAN/Mac/LoRaMac.c:4198:24:DetermineFrameType	16	static
C:/Users/Francesca/Desktop/V20_mod_ai_0506/Middlewares/Third_Party/LoRaWAN/Mac/LoRaMac.c:4295:13:CheckRetrans	16	static
C:/Users/Francesca/Desktop/V20_mod_ai_0506/Middlewares/Third_Party/LoRaWAN/Mac/LoRaMac.c:4304:13:CheckRetransUnconfirmedUplink	8	static
C:/Users/Francesca/Desktop/V20_mod_ai_0506/Middlewares/Third_Party/LoRaWAN/Mac/LoRaMac.c:4326:13:CheckRetransConfirmedUplink	8	static
C:/Users/Francesca/Desktop/V20_mod_ai_0506/Middlewares/Third_Party/LoRaWAN/Mac/LoRaMac.c:4345:17:IncreaseAdrAckCounter	16	static
C:/Users/Francesca/Desktop/V20_mod_ai_0506/Middlewares/Third_Party/LoRaWAN/Mac/LoRaMac.c:4355:13:StopRetransmission	8	static
C:/Users/Francesca/Desktop/V20_mod_ai_0506/Middlewares/Third_Party/LoRaWAN/Mac/LoRaMac.c:4413:13:OnMacProcessNotify	8	static
C:/Users/Francesca/Desktop/V20_mod_ai_0506/Middlewares/Third_Party/LoRaWAN/Mac/LoRaMac.c:4421:13:CallNvmDataChangeCallback	16	static
C:/Users/Francesca/Desktop/V20_mod_ai_0506/Middlewares/Third_Party/LoRaWAN/Mac/LoRaMac.c:4466:16:IsRequestPending	4	static
C:/Users/Francesca/Desktop/V20_mod_ai_0506/Middlewares/Third_Party/LoRaWAN/Mac/LoRaMac.c:4476:17:LoRaMacInitialization	80	static
C:/Users/Francesca/Desktop/V20_mod_ai_0506/Middlewares/Third_Party/LoRaWAN/Mac/LoRaMac.c:4702:17:LoRaMacStart	8	static
C:/Users/Francesca/Desktop/V20_mod_ai_0506/Middlewares/Third_Party/LoRaWAN/Mac/LoRaMac.c:4709:17:LoRaMacStop	8	static
C:/Users/Francesca/Desktop/V20_mod_ai_0506/Middlewares/Third_Party/LoRaWAN/Mac/LoRaMac.c:4727:17:LoRaMacHalt	8	static
C:/Users/Francesca/Desktop/V20_mod_ai_0506/Middlewares/Third_Party/LoRaWAN/Mac/LoRaMac.c:4759:17:LoRaMacQueryTxPossible	64	static
C:/Users/Francesca/Desktop/V20_mod_ai_0506/Middlewares/Third_Party/LoRaWAN/Mac/LoRaMac.c:4829:17:LoRaMacMibGetRequestConfirm	40	static
C:/Users/Francesca/Desktop/V20_mod_ai_0506/Middlewares/Third_Party/LoRaWAN/Mac/LoRaMac.c:5117:17:LoRaMacMibSetRequestConfirm	32	static
C:/Users/Francesca/Desktop/V20_mod_ai_0506/Middlewares/Third_Party/LoRaWAN/Mac/LoRaMac.c:5899:17:LoRaMacChannelAdd	40	static
C:/Users/Francesca/Desktop/V20_mod_ai_0506/Middlewares/Third_Party/LoRaWAN/Mac/LoRaMac.c:5917:17:LoRaMacChannelRemove	24	static
C:/Users/Francesca/Desktop/V20_mod_ai_0506/Middlewares/Third_Party/LoRaWAN/Mac/LoRaMac.c:5938:17:LoRaMacMcChannelSetup	24	static
C:/Users/Francesca/Desktop/V20_mod_ai_0506/Middlewares/Third_Party/LoRaWAN/Mac/LoRaMac.c:5982:17:LoRaMacMcChannelDelete	64	static
C:/Users/Francesca/Desktop/V20_mod_ai_0506/Middlewares/Third_Party/LoRaWAN/Mac/LoRaMac.c:6005:9:LoRaMacMcChannelGetGroupId	24	static
C:/Users/Francesca/Desktop/V20_mod_ai_0506/Middlewares/Third_Party/LoRaWAN/Mac/LoRaMac.c:6017:17:LoRaMacMcChannelSetupRxParams	32	static
C:/Users/Francesca/Desktop/V20_mod_ai_0506/Middlewares/Third_Party/LoRaWAN/Mac/LoRaMac.c:6088:17:LoRaMacProcessMicForDatablock	40	static
C:/Users/Francesca/Desktop/V20_mod_ai_0506/Middlewares/Third_Party/LoRaWAN/Mac/LoRaMac.c:6101:17:LoRaMacMlmeRequest	48	static
C:/Users/Francesca/Desktop/V20_mod_ai_0506/Middlewares/Third_Party/LoRaWAN/Mac/LoRaMac.c:6344:17:LoRaMacMcpsRequest	88	static
C:/Users/Francesca/Desktop/V20_mod_ai_0506/Middlewares/Third_Party/LoRaWAN/Mac/LoRaMac.c:6642:6:LoRaMacTestSetDutyCycleOn	24	static
C:/Users/Francesca/Desktop/V20_mod_ai_0506/Middlewares/Third_Party/LoRaWAN/Mac/LoRaMac.c:6656:17:LoRaMacDeInitialization	8	static
