../X-CUBE-AI/App/network_appltemp_0506.c:280:9:network_appltemp_0506_configure_activations	16	static
../X-CUBE-AI/App/network_appltemp_0506.c:309:9:network_appltemp_0506_configure_weights	16	static
../X-CUBE-AI/App/network_appltemp_0506.c:342:9:ai_network_appltemp_0506_get_info	160	static
../X-CUBE-AI/App/network_appltemp_0506.c:389:9:ai_network_appltemp_0506_get_report	160	static
../X-CUBE-AI/App/network_appltemp_0506.c:436:10:ai_network_appltemp_0506_get_error	16	static
../X-CUBE-AI/App/network_appltemp_0506.c:443:10:ai_network_appltemp_0506_create	24	static
../X-CUBE-AI/App/network_appltemp_0506.c:454:10:ai_network_appltemp_0506_create_and_init	88	static
../X-CUBE-AI/App/network_appltemp_0506.c:489:12:ai_network_appltemp_0506_inputs_get	16	static
../X-CUBE-AI/App/network_appltemp_0506.c:500:12:ai_network_appltemp_0506_outputs_get	16	static
../X-CUBE-AI/App/network_appltemp_0506.c:511:11:ai_network_appltemp_0506_destroy	16	static
../X-CUBE-AI/App/network_appltemp_0506.c:518:9:ai_network_appltemp_0506_init	24	static
../X-CUBE-AI/App/network_appltemp_0506.c:535:8:ai_network_appltemp_0506_run	24	static
../X-CUBE-AI/App/network_appltemp_0506.c:543:8:ai_network_appltemp_0506_forward	16	static
