../../../../../../../Drivers/STM32WLxx_HAL_Driver/Inc/stm32wlxx_ll_rcc.h:1257:22:LL_RCC_LSE_SetDriveCapability	1
C:/Users/Francesca/Desktop/V20_mod_ai_0506/Projects/NUCLEO-WL55JC/Applications/LoRaWAN/LoRaWAN_End_Node/Core/Src/main.c:86:5:main	1
C:/Users/Francesca/Desktop/V20_mod_ai_0506/Projects/NUCLEO-WL55JC/Applications/LoRaWAN/LoRaWAN_End_Node/Core/Src/main.c:174:6:SystemClock_Config	3
C:/Users/Francesca/Desktop/V20_mod_ai_0506/Projects/NUCLEO-WL55JC/Applications/LoRaWAN/LoRaWAN_End_Node/Core/Src/main.c:227:6:Error_Handler	1
