../../../../../../../Drivers/STM32WLxx_HAL_Driver/Inc/stm32wlxx_ll_rcc.h:1257:22:LL_RCC_LSE_SetDriveCapability	16	static
C:/Users/Francesca/Desktop/V20_mod_ai_23-04/Projects/NUCLEO-WL55JC/Applications/LoRaWAN/LoRaWAN_End_Node/Core/Src/main.c:85:5:main	8	static
C:/Users/Francesca/Desktop/V20_mod_ai_23-04/Projects/NUCLEO-WL55JC/Applications/LoRaWAN/LoRaWAN_End_Node/Core/Src/main.c:171:6:SystemClock_Config	112	static
C:/Users/Francesca/Desktop/V20_mod_ai_23-04/Projects/NUCLEO-WL55JC/Applications/LoRaWAN/LoRaWAN_End_Node/Core/Src/main.c:224:6:Error_Handler	4	static,ignoring_inline_asm
