../../../../../../../Drivers/STM32WLxx_HAL_Driver/Inc/stm32wlxx_ll_rtc.h:1526:26:LL_RTC_TIME_GetSubSecond	16	static
C:/Users/Francesca/Desktop/V20_mod_ai_0506/Projects/NUCLEO-WL55JC/Applications/LoRaWAN/LoRaWAN_End_Node/Core/Src/timer_if.c:181:21:TIMER_IF_Init	16	static
C:/Users/Francesca/Desktop/V20_mod_ai_0506/Projects/NUCLEO-WL55JC/Applications/LoRaWAN/LoRaWAN_End_Node/Core/Src/timer_if.c:218:21:TIMER_IF_StartTimer	64	static
C:/Users/Francesca/Desktop/V20_mod_ai_0506/Projects/NUCLEO-WL55JC/Applications/LoRaWAN/LoRaWAN_End_Node/Core/Src/timer_if.c:246:21:TIMER_IF_StopTimer	16	static
C:/Users/Francesca/Desktop/V20_mod_ai_0506/Projects/NUCLEO-WL55JC/Applications/LoRaWAN/LoRaWAN_End_Node/Core/Src/timer_if.c:264:10:TIMER_IF_SetTimerContext	8	static
C:/Users/Francesca/Desktop/V20_mod_ai_0506/Projects/NUCLEO-WL55JC/Applications/LoRaWAN/LoRaWAN_End_Node/Core/Src/timer_if.c:278:10:TIMER_IF_GetTimerContext	4	static
C:/Users/Francesca/Desktop/V20_mod_ai_0506/Projects/NUCLEO-WL55JC/Applications/LoRaWAN/LoRaWAN_End_Node/Core/Src/timer_if.c:289:10:TIMER_IF_GetTimerElapsedTime	16	static
C:/Users/Francesca/Desktop/V20_mod_ai_0506/Projects/NUCLEO-WL55JC/Applications/LoRaWAN/LoRaWAN_End_Node/Core/Src/timer_if.c:302:10:TIMER_IF_GetTimerValue	16	static
C:/Users/Francesca/Desktop/V20_mod_ai_0506/Projects/NUCLEO-WL55JC/Applications/LoRaWAN/LoRaWAN_End_Node/Core/Src/timer_if.c:318:10:TIMER_IF_GetMinimumTimeout	16	static
C:/Users/Francesca/Desktop/V20_mod_ai_0506/Projects/NUCLEO-WL55JC/Applications/LoRaWAN/LoRaWAN_End_Node/Core/Src/timer_if.c:331:10:TIMER_IF_Convert_ms2Tick	32	static
C:/Users/Francesca/Desktop/V20_mod_ai_0506/Projects/NUCLEO-WL55JC/Applications/LoRaWAN/LoRaWAN_End_Node/Core/Src/timer_if.c:344:10:TIMER_IF_Convert_Tick2ms	48	static
C:/Users/Francesca/Desktop/V20_mod_ai_0506/Projects/NUCLEO-WL55JC/Applications/LoRaWAN/LoRaWAN_End_Node/Core/Src/timer_if.c:357:6:TIMER_IF_DelayMs	24	static,ignoring_inline_asm
C:/Users/Francesca/Desktop/V20_mod_ai_0506/Projects/NUCLEO-WL55JC/Applications/LoRaWAN/LoRaWAN_End_Node/Core/Src/timer_if.c:388:6:HAL_RTCEx_SSRUEventCallback	24	static
C:/Users/Francesca/Desktop/V20_mod_ai_0506/Projects/NUCLEO-WL55JC/Applications/LoRaWAN/LoRaWAN_End_Node/Core/Src/timer_if.c:403:10:TIMER_IF_GetTime	80	static
C:/Users/Francesca/Desktop/V20_mod_ai_0506/Projects/NUCLEO-WL55JC/Applications/LoRaWAN/LoRaWAN_End_Node/Core/Src/timer_if.c:427:6:TIMER_IF_BkUp_Write_Seconds	16	static
C:/Users/Francesca/Desktop/V20_mod_ai_0506/Projects/NUCLEO-WL55JC/Applications/LoRaWAN/LoRaWAN_End_Node/Core/Src/timer_if.c:438:6:TIMER_IF_BkUp_Write_SubSeconds	16	static
C:/Users/Francesca/Desktop/V20_mod_ai_0506/Projects/NUCLEO-WL55JC/Applications/LoRaWAN/LoRaWAN_End_Node/Core/Src/timer_if.c:449:10:TIMER_IF_BkUp_Read_Seconds	16	static
C:/Users/Francesca/Desktop/V20_mod_ai_0506/Projects/NUCLEO-WL55JC/Applications/LoRaWAN/LoRaWAN_End_Node/Core/Src/timer_if.c:462:10:TIMER_IF_BkUp_Read_SubSeconds	16	static
C:/Users/Francesca/Desktop/V20_mod_ai_0506/Projects/NUCLEO-WL55JC/Applications/LoRaWAN/LoRaWAN_End_Node/Core/Src/timer_if.c:480:13:TIMER_IF_BkUp_Write_MSBticks	16	static
C:/Users/Francesca/Desktop/V20_mod_ai_0506/Projects/NUCLEO-WL55JC/Applications/LoRaWAN/LoRaWAN_End_Node/Core/Src/timer_if.c:491:17:TIMER_IF_BkUp_Read_MSBticks	16	static
C:/Users/Francesca/Desktop/V20_mod_ai_0506/Projects/NUCLEO-WL55JC/Applications/LoRaWAN/LoRaWAN_End_Node/Core/Src/timer_if.c:504:24:GetTimerTicks	16	static
